// Jest Snapshot v1, https://goo.gl/fbAQLP

exports[`User component renders the UI as expected 1`] = `
<div
  className="participants-list"
>
  <ul />
</div>
`;
